================================================================================
TMT v2.4 ROTATION CURVES - DATA LOG
================================================================================

Formula: v_TMT = v_bary * sqrt(1 + k * (r/r_c)^n)
Parameters: n = 0.5

--------------------------------------------------------------------------------
GALAXY: DDO154
--------------------------------------------------------------------------------
  M_bary = 3.64e+08 M_sun
  k = 1.5550
  r_c = 0.62 kpc
  Surface brightness = 22.5 mag/arcsec^2
  LSB = True

    r(kpc)      v_obs     v_bary      v_TMT    enhance      diff%
  -------- ---------- ---------- ---------- ---------- ----------
      0.20       11.5        8.2       11.3      1.886       -2.1%
      0.39       18.2       11.5       17.2      2.238       -5.5%
      0.58       22.8       13.5       21.4      2.510       -6.2%
      0.78       26.5       15.0       24.9      2.751       -6.1%
      0.97       29.6       16.2       27.8      2.952       -6.0%
      1.16       32.2       17.2       30.5      3.135       -5.4%
      1.36       34.3       18.0       32.8      3.312       -4.5%
      1.55       36.2       18.7       34.8      3.468       -3.8%
      1.75       37.9       19.3       36.7      3.622       -3.1%
      1.94       39.4       19.8       38.4      3.761       -2.5%
      2.14       40.7       20.2       39.9      3.900       -2.0%
      2.33       41.9       20.6       41.3      4.026       -1.4%
      2.53       43.0       21.0       42.8      4.153       -0.5%
      2.73       44.0       21.3       44.0      4.275       +0.1%
      2.92       44.9       21.6       45.2      4.387       +0.8%
      3.12       45.7       21.8       46.3      4.501       +1.2%
      3.32       46.5       22.0       47.2      4.612       +1.6%
      3.52       47.2       22.2       48.2      4.719       +2.2%
      3.72       47.8       22.4       49.2      4.823       +2.9%
      3.92       48.4       22.5       49.9      4.924       +3.2%
      4.12       48.9       22.7       50.9      5.023       +4.0%
      4.32       49.4       22.8       51.6      5.120       +4.4%
      4.53       49.8       22.9       52.3      5.219       +5.0%
      4.73       50.2       23.0       53.0      5.311       +5.6%
      4.93       50.5       23.1       53.7      5.401       +6.3%

  Chi2_Newton = 71.15
  Chi2_TMT = 0.38
  Improvement = 99.5%

--------------------------------------------------------------------------------
GALAXY: NGC6503
--------------------------------------------------------------------------------
  M_bary = 1.00e+10 M_sun
  k = 1.2980
  r_c = 2.46 kpc
  Surface brightness = 20.8 mag/arcsec^2
  LSB = False

    r(kpc)      v_obs     v_bary      v_TMT    enhance      diff%
  -------- ---------- ---------- ---------- ---------- ----------
      0.50       52.0       48.0       60.4      1.585      +16.2%
      1.00       78.0       68.0       91.9      1.828      +17.9%
      1.50       95.0       78.0      110.7      2.014      +16.5%
      2.00      105.0       82.0      120.8      2.170      +15.0%
      2.50      110.0       83.0      126.1      2.308      +14.6%
      3.00      113.0       82.0      127.9      2.433      +13.2%
      3.50      115.0       81.0      129.3      2.548      +12.4%
      4.00      116.0       79.0      128.7      2.655      +11.0%
      4.50      117.0       77.0      127.8      2.755       +9.2%
      5.00      118.0       75.0      126.6      2.850       +7.3%
      5.50      118.0       73.0      125.2      2.941       +6.1%
      6.00      118.0       71.0      123.5      3.027       +4.7%
      6.50      118.0       69.0      121.7      3.110       +3.1%
      7.00      118.0       67.0      119.7      3.189       +1.4%
      7.50      118.0       66.0      119.3      3.266       +1.1%
      8.00      118.0       64.0      117.0      3.341       -0.9%
      8.50      117.0       63.0      116.4      3.413       -0.5%
      9.00      117.0       62.0      115.7      3.483       -1.1%
      9.50      117.0       61.0      114.9      3.551       -1.8%
     10.00      116.0       60.0      114.1      3.617       -1.6%
     10.50      116.0       59.0      113.2      3.682       -2.4%
     11.00      115.0       58.0      112.2      3.745       -2.4%
     11.50      115.0       57.0      111.2      3.806       -3.3%
     12.00      114.0       56.0      110.1      3.867       -3.4%
     12.50      114.0       56.0      111.0      3.926       -2.7%
     13.00      113.0       55.0      109.8      3.984       -2.9%
     13.50      113.0       55.0      110.6      4.041       -2.2%
     14.00      112.0       54.0      109.3      4.096       -2.4%
     14.50      112.0       54.0      110.0      4.151       -1.8%
     15.00      111.0       53.0      108.7      4.205       -2.1%

  Chi2_Newton = 92.10
  Chi2_TMT = 2.66
  Improvement = 97.1%

--------------------------------------------------------------------------------
GALAXY: NGC2403
--------------------------------------------------------------------------------
  M_bary = 1.28e+10 M_sun
  k = 0.9370
  r_c = 2.99 kpc
  Surface brightness = 21.0 mag/arcsec^2
  LSB = False

    r(kpc)      v_obs     v_bary      v_TMT    enhance      diff%
  -------- ---------- ---------- ---------- ---------- ----------
      0.50       45.0       42.0       49.4      1.383       +9.8%
      1.00       75.0       65.0       80.7      1.542       +7.6%
      1.50       95.0       78.0      100.6      1.664       +5.9%
      2.00      108.0       86.0      114.3      1.767       +5.8%
      2.50      116.0       90.0      122.7      1.857       +5.7%
      3.00      121.0       92.0      128.1      1.939       +5.9%
      3.50      125.0       93.0      132.0      2.015       +5.6%
      4.00      127.0       93.0      134.3      2.085       +5.7%
      4.50      129.0       92.0      134.9      2.150       +4.6%
      5.00      130.0       91.0      135.4      2.213       +4.1%
      5.50      131.0       90.0      135.7      2.272       +3.6%
      6.00      132.0       89.0      135.8      2.328       +2.9%
      6.50      133.0       87.0      134.3      2.383       +1.0%
      7.00      134.0       86.0      134.2      2.435       +0.1%
      7.50      134.0       85.0      134.0      2.485       -0.0%
      8.00      135.0       84.0      133.7      2.534       -1.0%
      8.50      135.0       83.0      133.3      2.581       -1.2%
      9.00      135.0       82.0      132.9      2.627       -1.6%
      9.50      135.0       81.0      132.4      2.671       -1.9%
     10.00      135.0       80.0      131.8      2.715       -2.4%
     10.50      135.0       79.0      131.2      2.757       -2.8%
     11.00      135.0       78.0      130.5      2.799       -3.3%
     11.50      134.0       78.0      131.4      2.839       -1.9%
     12.00      134.0       77.0      130.6      2.879       -2.5%
     12.50      134.0       77.0      131.5      2.917       -1.9%
     13.00      133.0       76.0      130.7      2.955       -1.8%
     13.50      133.0       76.0      131.5      2.993       -1.1%
     14.00      132.0       75.0      130.5      3.029       -1.1%

  Chi2_Newton = 128.66
  Chi2_TMT = 1.15
  Improvement = 99.1%

--------------------------------------------------------------------------------
GALAXY: NGC3198
--------------------------------------------------------------------------------
  M_bary = 4.29e+10 M_sun
  k = 1.0150
  r_c = 6.75 kpc
  Surface brightness = 21.5 mag/arcsec^2
  LSB = False

    r(kpc)      v_obs     v_bary      v_TMT    enhance      diff%
  -------- ---------- ---------- ---------- ---------- ----------
      1.00       72.0       68.0       80.2      1.391      +11.4%
      2.00      110.0       98.0      122.1      1.553      +11.0%
      3.00      130.0      112.0      145.0      1.677      +11.6%
      4.00      142.0      118.0      157.5      1.781      +10.9%
      5.00      148.0      119.0      162.9      1.874      +10.1%
      6.00      152.0      118.0      165.1      1.957       +8.6%
      7.00      154.0      115.0      164.0      2.034       +6.5%
      8.00      155.0      112.0      162.5      2.105       +4.8%
      9.00      155.0      109.0      160.6      2.172       +3.6%
     10.00      154.0      106.0      158.5      2.236       +2.9%
     11.00      153.0      103.0      156.1      2.296       +2.0%
     12.00      152.0      100.0      153.4      2.354       +0.9%
     13.00      151.0       98.0      152.1      2.409       +0.7%
     14.00      150.0       96.0      150.6      2.462       +0.4%
     15.00      149.0       94.0      149.0      2.513       +0.0%
     16.00      148.0       92.0      147.3      2.563       -0.5%
     17.00      148.0       91.0      147.0      2.611       -0.6%
     18.00      147.0       89.0      145.1      2.658       -1.3%
     19.00      147.0       88.0      144.7      2.703       -1.6%
     20.00      146.0       87.0      144.2      2.747       -1.2%
     21.00      146.0       86.0      143.7      2.791       -1.6%
     22.00      146.0       85.0      143.1      2.833       -2.0%
     23.00      145.0       84.0      142.4      2.874       -1.8%
     24.00      145.0       84.0      143.4      2.914       -1.1%
     25.00      145.0       83.0      142.6      2.954       -1.6%
     26.00      145.0       83.0      143.6      2.992       -1.0%
     27.00      144.0       82.0      142.7      3.030       -0.9%
     28.00      144.0       82.0      143.6      3.068       -0.3%
     29.00      144.0       81.0      142.7      3.104       -0.9%
     30.00      144.0       81.0      143.5      3.140       -0.3%

  Chi2_Newton = 106.12
  Chi2_TMT = 1.79
  Improvement = 98.3%

--------------------------------------------------------------------------------
GALAXY: F563-1
--------------------------------------------------------------------------------
  M_bary = 6.97e+09 M_sun
  k = 2.3850
  r_c = 5.59 kpc
  Surface brightness = 24.5 mag/arcsec^2
  LSB = True

    r(kpc)      v_obs     v_bary      v_TMT    enhance      diff%
  -------- ---------- ---------- ---------- ---------- ----------
      1.00       35.0       22.0       31.2      2.009      -10.9%
      2.00       52.0       32.0       49.9      2.427       -4.1%
      3.00       63.0       38.0       63.0      2.748       -0.0%
      4.00       72.0       42.0       73.0      3.018       +1.3%
      5.00       78.0       44.0       79.4      3.256       +1.8%
      6.00       83.0       45.0       83.8      3.472       +1.0%
      7.00       87.0       46.0       88.1      3.670       +1.3%
      8.00       90.0       46.0       90.3      3.854       +0.3%
      9.00       92.0       46.0       92.3      4.027       +0.3%
     10.00       94.0       46.0       94.2      4.191       +0.2%
     11.00       96.0       46.0       95.9      4.347       -0.1%
     12.00       97.0       46.0       97.5      4.495       +0.5%
     13.00       98.0       45.0       96.9      4.638       -1.1%
     14.00       99.0       45.0       98.3      4.775       -0.7%
     15.00      100.0       45.0       99.7      4.908       -0.3%
     16.00      100.0       44.0       98.7      5.036       -1.3%
     17.00      101.0       44.0      100.0      5.160       -1.0%
     18.00      101.0       44.0      101.1      5.281       +0.1%

  Chi2_Newton = 31.44
  Chi2_TMT = 0.03
  Improvement = 99.9%

--------------------------------------------------------------------------------
GALAXY: UGC2885
--------------------------------------------------------------------------------
  M_bary = 3.64e+11 M_sun
  k = 0.5040
  r_c = 19.46 kpc
  Surface brightness = 21.0 mag/arcsec^2
  LSB = False

    r(kpc)      v_obs     v_bary      v_TMT    enhance      diff%
  -------- ---------- ---------- ---------- ---------- ----------
      5.00      180.0      175.0      196.1      1.255       +8.9%
     10.00      250.0      235.0      274.2      1.361       +9.7%
     15.00      280.0      255.0      306.3      1.442       +9.4%
     20.00      295.0      260.0      319.6      1.511       +8.3%
     25.00      304.0      258.0      323.4      1.571       +6.4%
     30.00      308.0      253.0      322.6      1.626       +4.7%
     35.00      310.0      247.0      319.8      1.676       +3.1%
     40.00      310.0      241.0      316.3      1.723       +2.0%
     45.00      309.0      235.0      312.3      1.766       +1.1%
     50.00      308.0      230.0      309.2      1.808       +0.4%
     55.00      307.0      225.0      305.8      1.847       -0.4%
     60.00      306.0      221.0      303.4      1.885       -0.8%
     65.00      305.0      217.0      300.8      1.921       -1.4%
     70.00      304.0      213.0      297.9      1.956       -2.0%
     75.00      303.0      210.0      296.2      1.989       -2.2%
     80.00      302.0      207.0      294.3      2.022       -2.5%
     85.00      301.0      204.0      292.3      2.053       -2.9%
     90.00      300.0      202.0      291.6      2.084       -2.8%
     95.00      299.0      199.0      289.3      2.114       -3.2%
    100.00      298.0      197.0      288.4      2.142       -3.2%

  Chi2_Newton = 57.20
  Chi2_TMT = 1.69
  Improvement = 97.0%
